// Jest Snapshot v1, https://goo.gl/fbAQLP

exports[`Math sum with calculation 1`] = `
Object {
  "calculation": "5 + 3 = 8",
  "sum": 8,
}
`;
